---
source: libs/format/tests/config.rs
expression: config(stringify! (basic))
---
class MyClass {
    #define VALUE 5
    value = 5;
    class Nested {
        nestedValue = 1;
    };
};
