---
source: libs/stringtable/tests/lints.rs
expression: lint(stringify! (l01_sorted))
---
[0m[1m[38;5;11mwarning[L-L01][0m[1m: Stringtable at `` is not sorted[0m
 [0m[36m=[0m [33mhelp[0m: Run `hemtt ln sort` to sort the stringtable
