---
source: libs/config/tests/lints.rs
expression: lint(stringify! (c12_math_could_be_unquoted))
---
[0m[1m[38;5;14mhelp[L-C12][0m[1m: Math could be unquoted[0m
  [0m[36mâ”Œâ”€[0m c12_math_could_be_unquoted.hpp:3:18
  [0m[36mâ”‚[0m
[0m[36m3[0m [0m[36mâ”‚[0m     irDotSize = "[0m[36m0.1/4[0m"; // reducible
  [0m[36mâ”‚[0m                  [0m[36m^^^^^[0m [0m[36mreducible to: 0.025[0m
  [0m[36mâ”‚[0m
  [0m[36m=[0m [36mnote[0m: Could remove quotes to allow evaluation at build-time


[0m[1m[38;5;14mhelp[L-C12][0m[1m: Math could be unquoted[0m
  [0m[36mâ”Œâ”€[0m c12_math_could_be_unquoted.hpp:5:26
  [0m[36mâ”‚[0m
[0m[36m5[0m [0m[36mâ”‚[0m     sizes[] = { 0, "1", "[0m[36m(8-7)/3[0m"}; // 0 and "1" ignored, 3rd is reducible
  [0m[36mâ”‚[0m                          [0m[36m^^^^^^^[0m [0m[36mreducible to: 0.33333334[0m
  [0m[36mâ”‚[0m
  [0m[36m=[0m [36mnote[0m: Could remove quotes to allow evaluation at build-time


[0m[1m[38;5;14mhelp[L-C12][0m[1m: Math could be unquoted[0m
  [0m[36mâ”Œâ”€[0m c12_math_could_be_unquoted.hpp:7:32
  [0m[36mâ”‚[0m
[0m[36m7[0m [0m[36mâ”‚[0m     myThing[] = {{{{{{{{{"a", "[0m[36m4 + 4[0m"}}}}}}}}};
  [0m[36mâ”‚[0m                                [0m[36m^^^^^[0m [0m[36mreducible to: 8[0m
  [0m[36mâ”‚[0m
  [0m[36m=[0m [36mnote[0m: Could remove quotes to allow evaluation at build-time


[0m[1m[38;5;14mhelp[L-C12][0m[1m: Math could be unquoted[0m
   [0m[36mâ”Œâ”€[0m c12_math_could_be_unquoted.hpp:10:22
   [0m[36mâ”‚[0m
[0m[36m10[0m [0m[36mâ”‚[0m         initSpeed = "[0m[36m300[0m"; // forced because name
   [0m[36mâ”‚[0m                      [0m[36m^^^[0m [0m[36mreducible to: 300[0m
   [0m[36mâ”‚[0m
   [0m[36m=[0m [36mnote[0m: Could remove quotes to allow evaluation at build-time


[0m[1m[38;5;9merror[L-C08][0m[1m: property is missing a semicolon[0m
   [0m[36mâ”Œâ”€[0m c12_math_could_be_unquoted.hpp:13:27
   [0m[36mâ”‚[0m
[0m[36m13[0m [0m[36mâ”‚[0m     caseCheckForced = "60"
   [0m[36mâ”‚[0m                           [0m[31m^[0m [0m[31mmissing semicolon[0m
   [0m[36mâ”‚[0m
   [0m[36m=[0m [33mhelp[0m: add a semicolon [33m;[0m to the end of the property
