---
source: libs/config/tests/lints.rs
expression: lint(stringify! (c15_cfgpatches_scope)).0
---
[0m[1m[38;5;11mwarning[L-C15b][0m[1m: Public CfgVehicles class `abe_car2` not listed in CfgPatches[0m
   [0m[36mâ”Œâ”€[0m c15_cfgpatches_scope.hpp:13:11
   [0m[36mâ”‚[0m
[0m[36m13[0m [0m[36mâ”‚[0m     class [0m[33mabe_car2[0m: Car { // Missing
   [0m[36mâ”‚[0m           [0m[33m^^^^^^^^[0m [0m[33mhas scope=2 but not in units[][0m


[0m[1m[38;5;11mwarning[L-C15b][0m[1m: Public CfgVehicles class `abe_car5` not listed in CfgPatches[0m
   [0m[36mâ”Œâ”€[0m c15_cfgpatches_scope.hpp:22:11
   [0m[36mâ”‚[0m
[0m[36m22[0m [0m[36mâ”‚[0m     class [0m[33mabe_car5[0m: abe_car2 { }; // Missing
   [0m[36mâ”‚[0m           [0m[33m^^^^^^^^[0m [0m[33mhas scope=2 but not in units[][0m


[0m[1m[38;5;11mwarning[L-C15b][0m[1m: Public CfgWeapons class `abe_gun3` not listed in CfgPatches[0m
   [0m[36mâ”Œâ”€[0m c15_cfgpatches_scope.hpp:30:11
   [0m[36mâ”‚[0m
[0m[36m30[0m [0m[36mâ”‚[0m     class [0m[33mabe_gun3[0m: abe_gun2 {}; // Missing
   [0m[36mâ”‚[0m           [0m[33m^^^^^^^^[0m [0m[33mhas scope=2 but not in weapons[][0m


[0m[1m[38;5;11mwarning[L-C15a][0m[1m: CfgPatches units[] class `abe_bar22` not found[0m
  [0m[36mâ”Œâ”€[0m c15_cfgpatches_scope.hpp:3:44
  [0m[36mâ”‚[0m
[0m[36m3[0m [0m[36mâ”‚[0m         units[] = {"abe_car3", "abe_car4", [0m[33m"abe_bar22"[0m}; // bar sadly does not exist
  [0m[36mâ”‚[0m                                            [0m[33m^^^^^^^^^^^[0m [0m[33mnot defined in CfgVehicles[0m
