---
source: libs/config/tests/rapify.rs
expression: config.to_string()
---
class test;
class thing: test {
    value = 12;
};
class thing2 {
    class things;
};
class another: thing {};
class yet: another {
    class things {};
};
