---
source: libs/sqf/tests/compiler.rs
expression: hex
---
01000000051200000002230300010000610100002b05000076616c7565110000016a0000000200060300010100003101300000236c696e65203120225c6f6e656c0100122e737166220a707269766174652076616c7565203d2061202b202231223b0a00010000006500057200072774006802000501000003290000000001000100061700000000010002001100000201000c00002f6f6e656c696e652e737166030200000000000000
