---
source: libs/sqf/tests/compiler.rs
expression: hex
---
010000000520000000023103000500005f6e616d65060000666f726d61740a000073797374656d6368617411000001bb00000002001604000105000048454d5454010a000048656c6c6f2c2025312101570000236c696e65203120225c687c0200052e737166220a70726976617465205f6e616d65203d202290070005223b0a73797374656d4368617420666f726d6174205b22283e01222ca406035d3b0a000200a100097800020100000615c001040000010100074f74016e040841a4010004020002390000000002000100022e00000000020002001100000201000a00002f68656c6c6f2e737166030300000000000000
