---
source: libs/sqf/tests/errors.rs
expression: errors(stringify! (spe1_invalid_token))
---
[0m[1m[38;5;9merror[SPE1][0m[1m: invalid token[0m
  [0m[36mâ”Œâ”€[0m spe1_invalid_token.sqf:1:9
  [0m[36mâ”‚[0m
[0m[36m1[0m [0m[36mâ”‚[0m private [0m[31mÃ°[0m = 0;
  [0m[36mâ”‚[0m         [0m[31m^[0m [0m[31minvalid token[0m
