---
source: libs/sqf/tests/lints.rs
expression: lint(stringify! (s21_invalid_comparisons))
---
[0m[1m[38;5;14mhelp[L-S21][0m[1m: Impossible comparison[0m
  [0m[36mâ”Œâ”€[0m s21_invalid_comparisons.sqf:9:31
  [0m[36mâ”‚[0m
[0m[36m9[0m [0m[36mâ”‚[0m if ({_y && _x < 10} || {_z && [0m[36m_x > 30[0m && {[0m[36m_x < 10[0m}}) then {};
  [0m[36mâ”‚[0m                               [0m[36m^^^^^^^[0m     [0m[36m^^^^^^^[0m


[0m[1m[38;5;14mhelp[L-S21][0m[1m: Impossible comparison[0m
   [0m[36mâ”Œâ”€[0m s21_invalid_comparisons.sqf:11:5
   [0m[36mâ”‚[0m
[0m[36m11[0m [0m[36mâ”‚[0m if ([0m[36m_x < 20[0m && {[0m[36m_x > 30[0m && {_y || _z}}) then {
   [0m[36mâ”‚[0m     [0m[36m^^^^^^^[0m     [0m[36m^^^^^^^[0m


[0m[1m[38;5;14mhelp[L-S21][0m[1m: Overlapping comparison[0m
   [0m[36mâ”Œâ”€[0m s21_invalid_comparisons.sqf:15:5
   [0m[36mâ”‚[0m
[0m[36m15[0m [0m[36mâ”‚[0m if ([0m[36m_x < 20[0m && [0m[36m_x < 10[0m) then {
   [0m[36mâ”‚[0m     [0m[36m^^^^^^^[0m    [0m[36m^^^^^^^[0m
