---
source: libs/sqf/tests/lints.rs
expression: lint(stringify! (s06_find_in_str))
---
[0m[1m[38;5;14mhelp[L-S06][0m[1m: string search using `in` is faster than `find`[0m
  [0m[36mâ”Œâ”€[0m s06_find_in_str.sqf:1:1
  [0m[36mâ”‚[0m
[0m[36m1[0m [0m[36mâ”‚[0m [0m[36m"foobar" find "bar" > -1[0m;
  [0m[36mâ”‚[0m [0m[36m^^^^^^^^^^^^^^^^^^^^^^^^[0m [0m[36musing `find` with -1[0m
  [0m[36mâ”‚[0m
  [0m[36m=[0m [32mtry[0m: "bar" in "foobar"


[0m[1m[38;5;14mhelp[L-S06][0m[1m: string search using `in` is faster than `find`[0m
  [0m[36mâ”Œâ”€[0m s06_find_in_str.sqf:2:19
  [0m[36mâ”‚[0m
[0m[36m2[0m [0m[36mâ”‚[0m private _hasBar = [0m[36m_things find "bar" > -1[0m;
  [0m[36mâ”‚[0m                   [0m[36m^^^^^^^^^^^^^^^^^^^^^^^[0m [0m[36musing `find` with -1[0m
  [0m[36mâ”‚[0m
  [0m[36m=[0m [32mtry[0m: "bar" in _things
