---
source: libs/sqf/tests/lints.rs
expression: "lint(stringify! (s14_unused), false)"
---
[0m[1m[38;5;14mhelp[L-S14][0m[1m: Unused Var - _z[0m
  [0m[36mâ”Œâ”€[0m s14_unused.sqf:1:1
  [0m[36mâ”‚[0m
[0m[36m1[0m [0m[36mâ”‚[0m [0m[36mprivate _z = 5[0m; // and never used
  [0m[36mâ”‚[0m [0m[36m^^^^^^^^^^^^^^[0m
