---
source: libs/sqf/tests/lints.rs
expression: "lint(stringify! (s16_not_private), false).0"
---
[0m[1m[38;5;14mhelp[L-S16][0m[1m: Local variable `_z` is not private[0m
  [0m[36mâ”Œâ”€[0m s16_not_private.sqf:1:1
  [0m[36mâ”‚[0m
[0m[36m1[0m [0m[36mâ”‚[0m [0m[36m_z[0m = 6;
  [0m[36mâ”‚[0m [0m[36m^^[0m [0m[36mcan be private[0m
  [0m[36mâ”‚[0m
  [0m[36m=[0m [32mtry[0m: private _z
